// Jest Snapshot v1, https://goo.gl/fbAQLP

exports[`App renders without crashing 1`] = `
<App
  generatedNumbers={
    Array [
      Object {
        "id": 2,
        "value": 2222222222,
      },
      Object {
        "id": 2,
        "value": 1222222222,
      },
      Object {
        "id": 1,
        "value": 2222222222,
      },
      Object {
        "id": 2,
        "value": 22211122222,
      },
      Object {
        "id": 2,
        "value": 2222222222,
      },
      Object {
        "id": 2,
        "value": 22445522222,
      },
      Object {
        "id": 2,
        "value": 2122222222,
      },
      Object {
        "id": 2,
        "value": 2222222222,
      },
      Object {
        "id": 2,
        "value": 2222222222,
      },
      Object {
        "id": 2,
        "value": 2222222222,
      },
      Object {
        "id": 2,
        "value": 2222222222,
      },
      Object {
        "id": 2,
        "value": 2222222222,
      },
      Object {
        "id": 2,
        "value": 2222222222,
      },
      Object {
        "id": 2,
        "value": 2222222222,
      },
      Object {
        "id": 2,
        "value": 2222222222,
      },
      Object {
        "id": 2,
        "value": 2222222222,
      },
      Object {
        "id": 2,
        "value": 2222222222,
      },
      Object {
        "id": 2,
        "value": 2222222222,
      },
      Object {
        "id": 2,
        "value": 2222222222,
      },
      Object {
        "id": 2,
        "value": 2222222222,
      },
      Object {
        "id": 2,
        "value": 2222222222,
      },
      Object {
        "id": 2,
        "value": 2222222222,
      },
      Object {
        "id": 2,
        "value": 2222222222,
      },
      Object {
        "id": 2,
        "value": 2222222222,
      },
      Object {
        "id": 2,
        "value": 2222222222,
      },
      Object {
        "id": 2,
        "value": 2222222222,
      },
      Object {
        "id": 2,
        "value": 2222222222,
      },
      Object {
        "id": 2,
        "value": 2222222222,
      },
      Object {
        "id": 2,
        "value": 2222222222,
      },
      Object {
        "id": 2,
        "value": 2222222222,
      },
      Object {
        "id": 2,
        "value": 2222222222,
      },
      Object {
        "id": 2,
        "value": 2222222222,
      },
      Object {
        "id": 2,
        "value": 2222222222,
      },
      Object {
        "id": 2,
        "value": 2222222222,
      },
      Object {
        "id": 2,
        "value": 2222222222,
      },
      Object {
        "id": 2,
        "value": 2222222222,
      },
      Object {
        "id": 2,
        "value": 2222222222,
      },
      Object {
        "id": 2,
        "value": 2222222222,
      },
      Object {
        "id": 2,
        "value": 2222222222,
      },
      Object {
        "id": 2,
        "value": 2222222222,
      },
      Object {
        "id": 2,
        "value": 2222222222,
      },
      Object {
        "id": 2,
        "value": 2222222222,
      },
      Object {
        "id": 2,
        "value": 2222222222,
      },
      Object {
        "id": 2,
        "value": 2222222222,
      },
      Object {
        "id": 2,
        "value": 2222222222,
      },
      Object {
        "id": 2,
        "value": 2222222222,
      },
      Object {
        "id": 2,
        "value": 2222222222,
      },
      Object {
        "id": 2,
        "value": 2222222222,
      },
      Object {
        "id": 2,
        "value": 2222222222,
      },
      Object {
        "id": 2,
        "value": 2222222222,
      },
      Object {
        "id": 2,
        "value": 2222222222,
      },
      Object {
        "id": 2,
        "value": 2222222222,
      },
      Object {
        "id": 2,
        "value": 2222222222,
      },
      Object {
        "id": 2,
        "value": 2222222222,
      },
      Object {
        "id": 2,
        "value": 2222222222,
      },
      Object {
        "id": 2,
        "value": 2222222222,
      },
      Object {
        "id": 2,
        "value": 2222222222,
      },
      Object {
        "id": 2,
        "value": 2222222222,
      },
      Object {
        "id": 2,
        "value": 2222222222,
      },
      Object {
        "id": 1,
        "value": 2222222222,
      },
      Object {
        "id": 1,
        "value": 2222222222,
      },
      Object {
        "id": 2,
        "value": 2222222222,
      },
      Object {
        "id": 2,
        "value": 2222222222,
      },
      Object {
        "id": 2,
        "value": 2222222222,
      },
      Object {
        "id": 2,
        "value": 2222222222,
      },
      Object {
        "id": 2,
        "value": 2222222222,
      },
      Object {
        "id": 2,
        "value": 2222222222,
      },
      Object {
        "id": 2,
        "value": 2222222222,
      },
      Object {
        "id": 2,
        "value": 2222222222,
      },
      Object {
        "id": 2,
        "value": 2222222222,
      },
      Object {
        "id": 2,
        "value": 2222222222,
      },
      Object {
        "id": 2,
        "value": 2222222222,
      },
      Object {
        "id": 2,
        "value": 2222222222,
      },
      Object {
        "id": 2,
        "value": 2222222222,
      },
      Object {
        "id": 2,
        "value": 2222222222,
      },
      Object {
        "id": 2,
        "value": 2222222222,
      },
      Object {
        "id": 2,
        "value": 2222222222,
      },
      Object {
        "id": 2,
        "value": 2222222222,
      },
      Object {
        "id": 2,
        "value": 2222222222,
      },
      Object {
        "id": 2,
        "value": 2222222222,
      },
      Object {
        "id": 2,
        "value": 2222222222,
      },
      Object {
        "id": 2,
        "value": 2222222222,
      },
      Object {
        "id": 2,
        "value": 2222222222,
      },
      Object {
        "id": 2,
        "value": 2222222222,
      },
      Object {
        "id": 2,
        "value": 2222222222,
      },
      Object {
        "id": 2,
        "value": 2222222222,
      },
      Object {
        "id": 2,
        "value": 2222222222,
      },
      Object {
        "id": 2,
        "value": 2222222222,
      },
      Object {
        "id": 2,
        "value": 2222222222,
      },
      Object {
        "id": 2,
        "value": 2222222222,
      },
    ]
  }
  history={[Function]}
  homeActive={true}
  location={[Function]}
  match={[Function]}
  operationsActive={true}
>
  <div>
    <Header
      homeActive={true}
      operationsActive={false}
    >
      <nav
        className="navbar navbar-inverse"
      >
        <div
          className="container-fluid"
        >
          <div
            className="container header__container"
          >
            <div
              className="navbar-header"
            >
              <img
                alt=""
                className="__logo"
                src="rng-logo-black.png"
              />
              <a
                className="navbar-brand"
                href="/"
              >
                Random Number Generator
              </a>
            </div>
            <ul
              className="nav navbar-nav"
            >
              <li
                className="active"
              >
                <a
                  href="/"
                  id="homeTab"
                >
                  Home
                </a>
              </li>
              <li
                className=""
              >
                <a
                  href="/operations"
                  id="operationsTab"
                >
                  Operations
                </a>
              </li>
            </ul>
          </div>
        </div>
      </nav>
    </Header>
    <div
      className="container"
    >
      <div
        className="container home__container"
      >
        <form
          onSubmit={[Function]}
        >
          <div
            className="row"
          >
            <div
              className="col-sm-4 text-left"
            >
              <input
                className="number"
                id="numberInput"
                max="5000"
                min="1"
                name="numberToGenerate"
                onChange={[Function]}
                placeholder="not greater than 5000"
                type="number"
              />
            </div>
            <div
              className="col-sm-4 text-left"
            >
              <div
                className="dropdown"
              >
                <button
                  className="btn btn-default dropdown-toggle btn__dropdown"
                  data-toggle="dropdown"
                  id="menu1"
                  type="button"
                >
                  SORT BY
                  <span
                    className="caret"
                  />
                </button>
                <ul
                  aria-labelledby="menu1"
                  className="dropdown-menu dropdown__container"
                  role="menu"
                >
                  <li
                    role="presentation"
                  >
                    <a
                      className="lowestSort"
                      href="#"
                      onClick={[Function]}
                      role="menuitem"
                      tabIndex="-1"
                    >
                      Lowest Values
                    </a>
                  </li>
                  <li
                    role="presentation"
                  >
                    <a
                      className="highestSort"
                      href="#"
                      onClick={[Function]}
                      role="menuitem"
                      tabIndex="-1"
                    >
                      Highest Values
                    </a>
                  </li>
                  <li
                    role="presentation"
                  >
                    <a
                      className="uniqueSort"
                      href="#"
                      onClick={[Function]}
                      role="menuitem"
                      tabIndex="-1"
                    >
                      Unique Identifier
                    </a>
                  </li>
                </ul>
              </div>
            </div>
            <div
              className="col-sm-4 text-right"
            >
              <button
                className="btn btn__generate"
                type="submit"
              >
                GENERATE
              </button>
            </div>
          </div>
        </form>
      </div>
      <Table
        generatedNumbers={Array []}
        numberUpdated={false}
      >
        <div>
          <div
            className="table__container container"
          >
            <table
              className="table table-striped no-move"
            >
              <thead
                className="fixed_header"
              >
                <tr>
                  <th>
                    #
                  </th>
                  <th
                    className="text-center"
                  >
                    Unique Identifier
                  </th>
                  <th
                    className="text-center"
                  >
                    Generated Number
                  </th>
                </tr>
              </thead>
              <tbody
                className="scroll_body"
              >
                <tr>
                  <td
                    colSpan="3"
                  >
                    No numbers found
                  </td>
                </tr>
              </tbody>
            </table>
          </div>
          <Pagination
            handlePageClick={[Function]}
            id="paginateId"
            totalPages={0}
          >
            <nav
              className="container pagination__container"
            />
          </Pagination>
        </div>
      </Table>
    </div>
  </div>
</App>
`;
