// Jest Snapshot v1, https://goo.gl/fbAQLP

exports[`App renders without crashing 1`] = `
<App
  generatedNumbers={
    Array [
      Object {
        "id": 2,
        "value": 2222222222,
      },
      Object {
        "id": 2,
        "value": 1222222222,
      },
      Object {
        "id": 1,
        "value": 2222222222,
      },
      Object {
        "id": 2,
        "value": 22211122222,
      },
      Object {
        "id": 2,
        "value": 2222222222,
      },
      Object {
        "id": 2,
        "value": 22445522222,
      },
      Object {
        "id": 2,
        "value": 2122222222,
      },
      Object {
        "id": 2,
        "value": 2222222222,
      },
      Object {
        "id": 2,
        "value": 2222222222,
      },
      Object {
        "id": 2,
        "value": 2222222222,
      },
      Object {
        "id": 2,
        "value": 2222222222,
      },
      Object {
        "id": 2,
        "value": 2222222222,
      },
      Object {
        "id": 2,
        "value": 2222222222,
      },
      Object {
        "id": 2,
        "value": 2222222222,
      },
      Object {
        "id": 2,
        "value": 2222222222,
      },
      Object {
        "id": 2,
        "value": 2222222222,
      },
      Object {
        "id": 2,
        "value": 2222222222,
      },
      Object {
        "id": 2,
        "value": 2222222222,
      },
      Object {
        "id": 2,
        "value": 2222222222,
      },
      Object {
        "id": 2,
        "value": 2222222222,
      },
      Object {
        "id": 2,
        "value": 2222222222,
      },
      Object {
        "id": 2,
        "value": 2222222222,
      },
      Object {
        "id": 2,
        "value": 2222222222,
      },
      Object {
        "id": 2,
        "value": 2222222222,
      },
      Object {
        "id": 2,
        "value": 2222222222,
      },
      Object {
        "id": 2,
        "value": 2222222222,
      },
      Object {
        "id": 2,
        "value": 2222222222,
      },
      Object {
        "id": 2,
        "value": 2222222222,
      },
      Object {
        "id": 2,
        "value": 2222222222,
      },
      Object {
        "id": 2,
        "value": 2222222222,
      },
      Object {
        "id": 2,
        "value": 2222222222,
      },
      Object {
        "id": 2,
        "value": 2222222222,
      },
      Object {
        "id": 2,
        "value": 2222222222,
      },
      Object {
        "id": 2,
        "value": 2222222222,
      },
      Object {
        "id": 2,
        "value": 2222222222,
      },
      Object {
        "id": 2,
        "value": 2222222222,
      },
      Object {
        "id": 2,
        "value": 2222222222,
      },
      Object {
        "id": 2,
        "value": 2222222222,
      },
      Object {
        "id": 2,
        "value": 2222222222,
      },
      Object {
        "id": 2,
        "value": 2222222222,
      },
      Object {
        "id": 2,
        "value": 2222222222,
      },
      Object {
        "id": 2,
        "value": 2222222222,
      },
      Object {
        "id": 2,
        "value": 2222222222,
      },
      Object {
        "id": 2,
        "value": 2222222222,
      },
      Object {
        "id": 2,
        "value": 2222222222,
      },
      Object {
        "id": 2,
        "value": 2222222222,
      },
      Object {
        "id": 2,
        "value": 2222222222,
      },
      Object {
        "id": 2,
        "value": 2222222222,
      },
      Object {
        "id": 2,
        "value": 2222222222,
      },
      Object {
        "id": 2,
        "value": 2222222222,
      },
      Object {
        "id": 2,
        "value": 2222222222,
      },
      Object {
        "id": 2,
        "value": 2222222222,
      },
      Object {
        "id": 2,
        "value": 2222222222,
      },
      Object {
        "id": 2,
        "value": 2222222222,
      },
      Object {
        "id": 2,
        "value": 2222222222,
      },
      Object {
        "id": 2,
        "value": 2222222222,
      },
      Object {
        "id": 2,
        "value": 2222222222,
      },
      Object {
        "id": 2,
        "value": 2222222222,
      },
      Object {
        "id": 2,
        "value": 2222222222,
      },
      Object {
        "id": 1,
        "value": 2222222222,
      },
      Object {
        "id": 1,
        "value": 2222222222,
      },
      Object {
        "id": 2,
        "value": 2222222222,
      },
      Object {
        "id": 2,
        "value": 2222222222,
      },
      Object {
        "id": 2,
        "value": 2222222222,
      },
      Object {
        "id": 2,
        "value": 2222222222,
      },
      Object {
        "id": 2,
        "value": 2222222222,
      },
      Object {
        "id": 2,
        "value": 2222222222,
      },
      Object {
        "id": 2,
        "value": 2222222222,
      },
      Object {
        "id": 2,
        "value": 2222222222,
      },
      Object {
        "id": 2,
        "value": 2222222222,
      },
      Object {
        "id": 2,
        "value": 2222222222,
      },
      Object {
        "id": 2,
        "value": 2222222222,
      },
      Object {
        "id": 2,
        "value": 2222222222,
      },
      Object {
        "id": 2,
        "value": 2222222222,
      },
      Object {
        "id": 2,
        "value": 2222222222,
      },
      Object {
        "id": 2,
        "value": 2222222222,
      },
      Object {
        "id": 2,
        "value": 2222222222,
      },
      Object {
        "id": 2,
        "value": 2222222222,
      },
      Object {
        "id": 2,
        "value": 2222222222,
      },
      Object {
        "id": 2,
        "value": 2222222222,
      },
      Object {
        "id": 2,
        "value": 2222222222,
      },
      Object {
        "id": 2,
        "value": 2222222222,
      },
      Object {
        "id": 2,
        "value": 2222222222,
      },
      Object {
        "id": 2,
        "value": 2222222222,
      },
      Object {
        "id": 2,
        "value": 2222222222,
      },
      Object {
        "id": 2,
        "value": 2222222222,
      },
      Object {
        "id": 2,
        "value": 2222222222,
      },
      Object {
        "id": 2,
        "value": 2222222222,
      },
      Object {
        "id": 2,
        "value": 2222222222,
      },
      Object {
        "id": 2,
        "value": 2222222222,
      },
    ]
  }
  history={[Function]}
  homeActive={true}
  location={[Function]}
  match={[Function]}
  operationsActive={true}
>
  <div
    className="container"
  >
    <div
      className="container home__container"
    >
      <form
        onSubmit={[Function]}
      >
        <div
          className="row"
        >
          <div
            className="col-sm-4 text-left"
          >
            <input
              className="number"
              id="numberInput"
              max="5000"
              min="1"
              name="numberToGenerate"
              onChange={[Function]}
              placeholder="not greater than 5000"
              type="number"
            />
          </div>
          <div
            className="col-sm-4 text-left"
          >
            <div
              className="dropdown"
            >
              <button
                className="btn btn-default dropdown-toggle btn__dropdown"
                data-toggle="dropdown"
                id="menu1"
                type="button"
              >
                SORT BY
                <span
                  className="caret"
                />
              </button>
              <ul
                aria-labelledby="menu1"
                className="dropdown-menu dropdown__container"
                role="menu"
              >
                <li
                  role="presentation"
                >
                  <a
                    className="lowestSort"
                    href="#"
                    onClick={[Function]}
                    role="menuitem"
                    tabIndex="-1"
                  >
                    Lowest Values
                  </a>
                </li>
                <li
                  role="presentation"
                >
                  <a
                    className="highestSort"
                    href="#"
                    onClick={[Function]}
                    role="menuitem"
                    tabIndex="-1"
                  >
                    Highest Values
                  </a>
                </li>
                <li
                  role="presentation"
                >
                  <a
                    className="uniqueSort"
                    href="#"
                    onClick={[Function]}
                    role="menuitem"
                    tabIndex="-1"
                  >
                    Unique Identifier
                  </a>
                </li>
              </ul>
            </div>
          </div>
          <div
            className="col-sm-4 text-right"
          >
            <button
              className="btn btn__generate"
              type="submit"
            >
              GENERATE
            </button>
          </div>
        </div>
      </form>
    </div>
    <Table
      generatedNumbers={
        Array [
          Object {
            "id": 2,
            "value": 2222222222,
          },
          Object {
            "id": 2,
            "value": 1222222222,
          },
          Object {
            "id": 1,
            "value": 2222222222,
          },
          Object {
            "id": 2,
            "value": 22211122222,
          },
          Object {
            "id": 2,
            "value": 2222222222,
          },
          Object {
            "id": 2,
            "value": 22445522222,
          },
          Object {
            "id": 2,
            "value": 2122222222,
          },
          Object {
            "id": 2,
            "value": 2222222222,
          },
          Object {
            "id": 2,
            "value": 2222222222,
          },
          Object {
            "id": 2,
            "value": 2222222222,
          },
          Object {
            "id": 2,
            "value": 2222222222,
          },
          Object {
            "id": 2,
            "value": 2222222222,
          },
          Object {
            "id": 2,
            "value": 2222222222,
          },
          Object {
            "id": 2,
            "value": 2222222222,
          },
          Object {
            "id": 2,
            "value": 2222222222,
          },
          Object {
            "id": 2,
            "value": 2222222222,
          },
          Object {
            "id": 2,
            "value": 2222222222,
          },
          Object {
            "id": 2,
            "value": 2222222222,
          },
          Object {
            "id": 2,
            "value": 2222222222,
          },
          Object {
            "id": 2,
            "value": 2222222222,
          },
          Object {
            "id": 2,
            "value": 2222222222,
          },
          Object {
            "id": 2,
            "value": 2222222222,
          },
          Object {
            "id": 2,
            "value": 2222222222,
          },
          Object {
            "id": 2,
            "value": 2222222222,
          },
          Object {
            "id": 2,
            "value": 2222222222,
          },
          Object {
            "id": 2,
            "value": 2222222222,
          },
          Object {
            "id": 2,
            "value": 2222222222,
          },
          Object {
            "id": 2,
            "value": 2222222222,
          },
          Object {
            "id": 2,
            "value": 2222222222,
          },
          Object {
            "id": 2,
            "value": 2222222222,
          },
          Object {
            "id": 2,
            "value": 2222222222,
          },
          Object {
            "id": 2,
            "value": 2222222222,
          },
          Object {
            "id": 2,
            "value": 2222222222,
          },
          Object {
            "id": 2,
            "value": 2222222222,
          },
          Object {
            "id": 2,
            "value": 2222222222,
          },
          Object {
            "id": 2,
            "value": 2222222222,
          },
          Object {
            "id": 2,
            "value": 2222222222,
          },
          Object {
            "id": 2,
            "value": 2222222222,
          },
          Object {
            "id": 2,
            "value": 2222222222,
          },
          Object {
            "id": 2,
            "value": 2222222222,
          },
          Object {
            "id": 2,
            "value": 2222222222,
          },
          Object {
            "id": 2,
            "value": 2222222222,
          },
          Object {
            "id": 2,
            "value": 2222222222,
          },
          Object {
            "id": 2,
            "value": 2222222222,
          },
          Object {
            "id": 2,
            "value": 2222222222,
          },
          Object {
            "id": 2,
            "value": 2222222222,
          },
          Object {
            "id": 2,
            "value": 2222222222,
          },
          Object {
            "id": 2,
            "value": 2222222222,
          },
          Object {
            "id": 2,
            "value": 2222222222,
          },
          Object {
            "id": 2,
            "value": 2222222222,
          },
          Object {
            "id": 2,
            "value": 2222222222,
          },
          Object {
            "id": 2,
            "value": 2222222222,
          },
          Object {
            "id": 2,
            "value": 2222222222,
          },
          Object {
            "id": 2,
            "value": 2222222222,
          },
          Object {
            "id": 2,
            "value": 2222222222,
          },
          Object {
            "id": 2,
            "value": 2222222222,
          },
          Object {
            "id": 2,
            "value": 2222222222,
          },
          Object {
            "id": 2,
            "value": 2222222222,
          },
          Object {
            "id": 2,
            "value": 2222222222,
          },
          Object {
            "id": 1,
            "value": 2222222222,
          },
          Object {
            "id": 1,
            "value": 2222222222,
          },
          Object {
            "id": 2,
            "value": 2222222222,
          },
          Object {
            "id": 2,
            "value": 2222222222,
          },
          Object {
            "id": 2,
            "value": 2222222222,
          },
          Object {
            "id": 2,
            "value": 2222222222,
          },
          Object {
            "id": 2,
            "value": 2222222222,
          },
          Object {
            "id": 2,
            "value": 2222222222,
          },
          Object {
            "id": 2,
            "value": 2222222222,
          },
          Object {
            "id": 2,
            "value": 2222222222,
          },
          Object {
            "id": 2,
            "value": 2222222222,
          },
          Object {
            "id": 2,
            "value": 2222222222,
          },
          Object {
            "id": 2,
            "value": 2222222222,
          },
          Object {
            "id": 2,
            "value": 2222222222,
          },
          Object {
            "id": 2,
            "value": 2222222222,
          },
          Object {
            "id": 2,
            "value": 2222222222,
          },
          Object {
            "id": 2,
            "value": 2222222222,
          },
          Object {
            "id": 2,
            "value": 2222222222,
          },
          Object {
            "id": 2,
            "value": 2222222222,
          },
          Object {
            "id": 2,
            "value": 2222222222,
          },
          Object {
            "id": 2,
            "value": 2222222222,
          },
          Object {
            "id": 2,
            "value": 2222222222,
          },
          Object {
            "id": 2,
            "value": 2222222222,
          },
          Object {
            "id": 2,
            "value": 2222222222,
          },
          Object {
            "id": 2,
            "value": 2222222222,
          },
          Object {
            "id": 2,
            "value": 2222222222,
          },
          Object {
            "id": 2,
            "value": 2222222222,
          },
          Object {
            "id": 2,
            "value": 2222222222,
          },
          Object {
            "id": 2,
            "value": 2222222222,
          },
          Object {
            "id": 2,
            "value": 2222222222,
          },
          Object {
            "id": 2,
            "value": 2222222222,
          },
        ]
      }
      numberUpdated={false}
    >
      <div>
        <div
          className="table__container container"
        >
          <table
            className="table table-striped no-move"
          >
            <thead
              className="fixed_header"
            >
              <tr>
                <th>
                  #
                </th>
                <th
                  className="text-center"
                >
                  Unique Identifier
                </th>
                <th
                  className="text-center"
                >
                  Generated Number
                </th>
              </tr>
            </thead>
            <tbody
              className="scroll_body"
            >
              <tr
                key="tableRow0"
              >
                <td>
                  1
                </td>
                <td>
                  2
                </td>
                <td>
                  2222222222
                </td>
              </tr>
              <tr
                key="tableRow1"
              >
                <td>
                  2
                </td>
                <td>
                  2
                </td>
                <td>
                  1222222222
                </td>
              </tr>
              <tr
                key="tableRow2"
              >
                <td>
                  3
                </td>
                <td>
                  1
                </td>
                <td>
                  2222222222
                </td>
              </tr>
              <tr
                key="tableRow3"
              >
                <td>
                  4
                </td>
                <td>
                  2
                </td>
                <td>
                  22211122222
                </td>
              </tr>
              <tr
                key="tableRow4"
              >
                <td>
                  5
                </td>
                <td>
                  2
                </td>
                <td>
                  2222222222
                </td>
              </tr>
              <tr
                key="tableRow5"
              >
                <td>
                  6
                </td>
                <td>
                  2
                </td>
                <td>
                  22445522222
                </td>
              </tr>
              <tr
                key="tableRow6"
              >
                <td>
                  7
                </td>
                <td>
                  2
                </td>
                <td>
                  2122222222
                </td>
              </tr>
              <tr
                key="tableRow7"
              >
                <td>
                  8
                </td>
                <td>
                  2
                </td>
                <td>
                  2222222222
                </td>
              </tr>
              <tr
                key="tableRow8"
              >
                <td>
                  9
                </td>
                <td>
                  2
                </td>
                <td>
                  2222222222
                </td>
              </tr>
              <tr
                key="tableRow9"
              >
                <td>
                  10
                </td>
                <td>
                  2
                </td>
                <td>
                  2222222222
                </td>
              </tr>
              <tr
                key="tableRow10"
              >
                <td>
                  11
                </td>
                <td>
                  2
                </td>
                <td>
                  2222222222
                </td>
              </tr>
              <tr
                key="tableRow11"
              >
                <td>
                  12
                </td>
                <td>
                  2
                </td>
                <td>
                  2222222222
                </td>
              </tr>
              <tr
                key="tableRow12"
              >
                <td>
                  13
                </td>
                <td>
                  2
                </td>
                <td>
                  2222222222
                </td>
              </tr>
              <tr
                key="tableRow13"
              >
                <td>
                  14
                </td>
                <td>
                  2
                </td>
                <td>
                  2222222222
                </td>
              </tr>
              <tr
                key="tableRow14"
              >
                <td>
                  15
                </td>
                <td>
                  2
                </td>
                <td>
                  2222222222
                </td>
              </tr>
              <tr
                key="tableRow15"
              >
                <td>
                  16
                </td>
                <td>
                  2
                </td>
                <td>
                  2222222222
                </td>
              </tr>
              <tr
                key="tableRow16"
              >
                <td>
                  17
                </td>
                <td>
                  2
                </td>
                <td>
                  2222222222
                </td>
              </tr>
              <tr
                key="tableRow17"
              >
                <td>
                  18
                </td>
                <td>
                  2
                </td>
                <td>
                  2222222222
                </td>
              </tr>
              <tr
                key="tableRow18"
              >
                <td>
                  19
                </td>
                <td>
                  2
                </td>
                <td>
                  2222222222
                </td>
              </tr>
              <tr
                key="tableRow19"
              >
                <td>
                  20
                </td>
                <td>
                  2
                </td>
                <td>
                  2222222222
                </td>
              </tr>
            </tbody>
          </table>
        </div>
        <Pagination
          handlePageClick={[Function]}
          id="paginateId"
          totalPages={5}
        >
          <nav
            className="container pagination__container"
          >
            <PaginationBoxView
              activeClassName="active"
              breakClassName="break-me"
              breakLabel={
                <a
                  href=""
                >
                  ...
                </a>
              }
              containerClassName="pagination justify-content-center"
              disableInitialCallback={false}
              disabledClassName="disabled"
              id="reactPaginateId"
              marginPagesDisplayed={3}
              nextClassName="page-item next-button"
              nextLabel=">"
              nextLinkClassName="page-link"
              onPageChange={[Function]}
              pageClassName="page-item"
              pageCount={5}
              pageLinkClassName="page-link"
              pageRangeDisplayed={5}
              previousClassName="page-item"
              previousLabel="<"
              previousLinkClassName="page-link"
            >
              <ul
                className="pagination justify-content-center"
              >
                <li
                  className="page-item disabled"
                >
                  <a
                    className="page-link"
                    onClick={[Function]}
                    onKeyPress={[Function]}
                    role="button"
                    tabIndex="0"
                  >
                    &lt;
                  </a>
                </li>
                <PageView
                  activeClassName="active"
                  key="0"
                  onClick={[Function]}
                  page={1}
                  pageClassName="page-item"
                  pageLinkClassName="page-link"
                  selected={true}
                >
                  <li
                    className="page-item active"
                  >
                    <a
                      aria-current="page"
                      aria-label="Page 1 is your current page"
                      className="page-link"
                      onClick={[Function]}
                      onKeyPress={[Function]}
                      role="button"
                      tabIndex="0"
                    >
                      1
                    </a>
                  </li>
                </PageView>
                <PageView
                  activeClassName="active"
                  key="1"
                  onClick={[Function]}
                  page={2}
                  pageClassName="page-item"
                  pageLinkClassName="page-link"
                  selected={false}
                >
                  <li
                    className="page-item"
                  >
                    <a
                      aria-current={null}
                      aria-label="Page 2"
                      className="page-link"
                      onClick={[Function]}
                      onKeyPress={[Function]}
                      role="button"
                      tabIndex="0"
                    >
                      2
                    </a>
                  </li>
                </PageView>
                <PageView
                  activeClassName="active"
                  key="2"
                  onClick={[Function]}
                  page={3}
                  pageClassName="page-item"
                  pageLinkClassName="page-link"
                  selected={false}
                >
                  <li
                    className="page-item"
                  >
                    <a
                      aria-current={null}
                      aria-label="Page 3"
                      className="page-link"
                      onClick={[Function]}
                      onKeyPress={[Function]}
                      role="button"
                      tabIndex="0"
                    >
                      3
                    </a>
                  </li>
                </PageView>
                <PageView
                  activeClassName="active"
                  key="3"
                  onClick={[Function]}
                  page={4}
                  pageClassName="page-item"
                  pageLinkClassName="page-link"
                  selected={false}
                >
                  <li
                    className="page-item"
                  >
                    <a
                      aria-current={null}
                      aria-label="Page 4"
                      className="page-link"
                      onClick={[Function]}
                      onKeyPress={[Function]}
                      role="button"
                      tabIndex="0"
                    >
                      4
                    </a>
                  </li>
                </PageView>
                <PageView
                  activeClassName="active"
                  key="4"
                  onClick={[Function]}
                  page={5}
                  pageClassName="page-item"
                  pageLinkClassName="page-link"
                  selected={false}
                >
                  <li
                    className="page-item"
                  >
                    <a
                      aria-current={null}
                      aria-label="Page 5"
                      className="page-link"
                      onClick={[Function]}
                      onKeyPress={[Function]}
                      role="button"
                      tabIndex="0"
                    >
                      5
                    </a>
                  </li>
                </PageView>
                <li
                  className="page-item next-button"
                >
                  <a
                    className="page-link"
                    onClick={[Function]}
                    onKeyPress={[Function]}
                    role="button"
                    tabIndex="0"
                  >
                    &gt;
                  </a>
                </li>
              </ul>
            </PaginationBoxView>
          </nav>
        </Pagination>
      </div>
    </Table>
  </div>
</App>
`;
